// Jest Snapshot v1, https://goo.gl/fbAQLP

exports[`getChildrenByType filters childrens by defined list of types 1`] = `
[
  <p>
    should contain 1/3
  </p>,
  <img
    alt="should contain 2/3"
    src="#"
  />,
  <p>
    should contain 3/3
  </p>,
]
`;

exports[`getChildrenByType filters childrens by defined list of types 2`] = `
[
  <ul>
    <li>
      Should contain 1/2
    </li>
  </ul>,
  <ul>
    <li>
      Should contain 2/2
    </li>
  </ul>,
]
`;
